V3 21
FL /users/students/r0666113/Documents/gmsk100-digital/xilinx/vhdlGroup4FirstRun/clock_generator.vhd 2018/06/15.16:45:44 P.20131013
EN work/clock_generator 1585683872 \
      FL /users/students/r0666113/Documents/gmsk100-digital/xilinx/vhdlGroup4FirstRun/clock_generator.vhd \
      PB ieee/std_logic_1164 1381692176 PB ieee/NUMERIC_STD 1381692181 LB unisim \
      PH unisim/VCOMPONENTS 1381692182
AR work/clock_generator/bhv 1585683873 \
      FL /users/students/r0666113/Documents/gmsk100-digital/xilinx/vhdlGroup4FirstRun/clock_generator.vhd \
      EN work/clock_generator 1585683872 CP BUFGCE
FL /users/students/r0666113/Documents/gmsk100-digital/xilinx/vhdlGroup4FirstRun/debouncer.vhd 2018/04/16.18:23:40 P.20131013
EN work/debouncer 1585683874 \
      FL /users/students/r0666113/Documents/gmsk100-digital/xilinx/vhdlGroup4FirstRun/debouncer.vhd \
      PB ieee/std_logic_1164 1381692176 PB ieee/NUMERIC_STD 1381692181
AR work/debouncer/bhv 1585683875 \
      FL /users/students/r0666113/Documents/gmsk100-digital/xilinx/vhdlGroup4FirstRun/debouncer.vhd \
      EN work/debouncer 1585683874
FL /users/students/r0666113/Documents/gmsk100-digital/xilinx/vhdlGroup4FirstRun/display_driver.vhd 2015/10/07.17:22:51 P.20131013
EN work/display_driver 1585683878 \
      FL /users/students/r0666113/Documents/gmsk100-digital/xilinx/vhdlGroup4FirstRun/display_driver.vhd \
      PB ieee/std_logic_1164 1381692176 PB ieee/NUMERIC_STD 1381692181
AR work/display_driver/bhv 1585683879 \
      FL /users/students/r0666113/Documents/gmsk100-digital/xilinx/vhdlGroup4FirstRun/display_driver.vhd \
      EN work/display_driver 1585683878
FL /users/students/r0666113/Documents/gmsk100-digital/xilinx/vhdlGroup4FirstRun/toplevel.vhd 2020/03/04.19:32:17 P.20131013
EN work/toplevel 1585683880 \
      FL /users/students/r0666113/Documents/gmsk100-digital/xilinx/vhdlGroup4FirstRun/toplevel.vhd \
      PB ieee/std_logic_1164 1381692176 PB ieee/NUMERIC_STD 1381692181
AR work/toplevel/bhv 1585683881 \
      FL /users/students/r0666113/Documents/gmsk100-digital/xilinx/vhdlGroup4FirstRun/toplevel.vhd \
      EN work/toplevel 1585683880 CP work/clock_generator CP work/debouncer \
      CP work/uart_transmitter CP work/display_driver
FL /users/students/r0666113/Documents/gmsk100-digital/xilinx/vhdlGroup4FirstRun/uart_transmitter.vhd 2015/10/07.17:22:32 P.20131013
EN work/uart_transmitter 1585683876 \
      FL /users/students/r0666113/Documents/gmsk100-digital/xilinx/vhdlGroup4FirstRun/uart_transmitter.vhd \
      PB ieee/std_logic_1164 1381692176 PB ieee/NUMERIC_STD 1381692181
AR work/uart_transmitter/bhv 1585683877 \
      FL /users/students/r0666113/Documents/gmsk100-digital/xilinx/vhdlGroup4FirstRun/uart_transmitter.vhd \
      EN work/uart_transmitter 1585683876
